2025-04-15 18:28:27.305818 - Received CBT.V508.FILE1058.PDS from FILE1058.XMI 
2025-04-15 18:28:27.316005 - Found IHEABND.bin (application/octet-stream) in CBT.V508.FILE1058.PDS, moved to PDS/IHEABND
2025-04-15 18:28:27.316331 - Found IHEABU0.bin (application/octet-stream) in CBT.V508.FILE1058.PDS, moved to PDS/IHEABU0
2025-04-15 18:28:27.316640 - Found IHEABV0.bin (application/octet-stream) in CBT.V508.FILE1058.PDS, moved to PDS/IHEABV0
2025-04-15 18:28:27.316847 - Found IHEABW0.bin (application/octet-stream) in CBT.V508.FILE1058.PDS, moved to PDS/IHEABW0
2025-04-15 18:28:27.317050 - Found IHEABZ0.bin (application/octet-stream) in CBT.V508.FILE1058.PDS, moved to PDS/IHEABZ0
2025-04-15 18:28:27.317249 - Found IHEADD0.bin (application/octet-stream) in CBT.V508.FILE1058.PDS, moved to PDS/IHEADD0
2025-04-15 18:28:27.317452 - Found IHEADV0.bin (application/octet-stream) in CBT.V508.FILE1058.PDS, moved to PDS/IHEADV0
2025-04-15 18:28:27.317773 - Found IHEAPDA.bin (application/octet-stream) in CBT.V508.FILE1058.PDS, moved to PDS/IHEAPDA
2025-04-15 18:28:27.317926 - Found alias IHEAPDB to IHEAPDA in CBT.V508.FILE1058.PDS, moved to PDS/IHEAPDB
2025-04-15 18:28:27.317979 - Found alias IHEATL1 to IHEATL4 in CBT.V508.FILE1058.PDS, moved to PDS/IHEATL1
2025-04-15 18:28:27.318034 - Found alias IHEATL2 to IHEATL4 in CBT.V508.FILE1058.PDS, moved to PDS/IHEATL2
2025-04-15 18:28:27.318078 - Found alias IHEATL3 to IHEATL4 in CBT.V508.FILE1058.PDS, moved to PDS/IHEATL3
2025-04-15 18:28:27.318412 - Found IHEATL4.bin (application/octet-stream) in CBT.V508.FILE1058.PDS, moved to PDS/IHEATL4
2025-04-15 18:28:27.318726 - Found IHEATS1.bin (application/octet-stream) in CBT.V508.FILE1058.PDS, moved to PDS/IHEATS1
2025-04-15 18:28:27.318804 - Found alias IHEATS2 to IHEATS1 in CBT.V508.FILE1058.PDS, moved to PDS/IHEATS2
2025-04-15 18:28:27.318850 - Found alias IHEATS3 to IHEATS1 in CBT.V508.FILE1058.PDS, moved to PDS/IHEATS3
2025-04-15 18:28:27.318893 - Found alias IHEATS4 to IHEATS1 in CBT.V508.FILE1058.PDS, moved to PDS/IHEATS4
2025-04-15 18:28:27.318935 - Found alias IHEATWH to IHEATWN in CBT.V508.FILE1058.PDS, moved to PDS/IHEATWH
2025-04-15 18:28:27.319243 - Found IHEATWN.bin (application/octet-stream) in CBT.V508.FILE1058.PDS, moved to PDS/IHEATWN
2025-04-15 18:28:27.319320 - Found alias IHEATZH to IHEATZN in CBT.V508.FILE1058.PDS, moved to PDS/IHEATZH
2025-04-15 18:28:27.319629 - Found IHEATZN.bin (application/octet-stream) in CBT.V508.FILE1058.PDS, moved to PDS/IHEATZN
2025-04-15 18:28:27.319706 - Found alias IHEBEGA to IHEBEGN in CBT.V508.FILE1058.PDS, moved to PDS/IHEBEGA
2025-04-15 18:28:27.319876 - Found IHEBEGN.bin (application/octet-stream) in CBT.V508.FILE1058.PDS, moved to PDS/IHEBEGN
2025-04-15 18:28:27.320060 - Found IHEBSA0.bin (application/octet-stream) in CBT.V508.FILE1058.PDS, moved to PDS/IHEBSA0
2025-04-15 18:28:27.320367 - Found IHEBSC0.bin (application/octet-stream) in CBT.V508.FILE1058.PDS, moved to PDS/IHEBSC0
2025-04-15 18:28:27.320672 - Found IHEBSD0.bin (application/octet-stream) in CBT.V508.FILE1058.PDS, moved to PDS/IHEBSD0
2025-04-15 18:28:27.320978 - Found IHEBSF0.bin (application/octet-stream) in CBT.V508.FILE1058.PDS, moved to PDS/IHEBSF0
2025-04-15 18:28:27.321277 - Found IHEBSI0.bin (application/octet-stream) in CBT.V508.FILE1058.PDS, moved to PDS/IHEBSI0
2025-04-15 18:28:27.321357 - Found alias IHEBSKA to IHEBSKK in CBT.V508.FILE1058.PDS, moved to PDS/IHEBSKA
2025-04-15 18:28:27.321655 - Found IHEBSKK.bin (application/octet-stream) in CBT.V508.FILE1058.PDS, moved to PDS/IHEBSKK
2025-04-15 18:28:27.321736 - Found alias IHEBSKR to IHEBSKK in CBT.V508.FILE1058.PDS, moved to PDS/IHEBSKR
2025-04-15 18:28:27.321904 - Found IHEBSMF.bin (application/octet-stream) in CBT.V508.FILE1058.PDS, moved to PDS/IHEBSMF
2025-04-15 18:28:27.321985 - Found alias IHEBSMV to IHEBSMF in CBT.V508.FILE1058.PDS, moved to PDS/IHEBSMV
2025-04-15 18:28:27.322048 - Found alias IHEBSMZ to IHEBSMF in CBT.V508.FILE1058.PDS, moved to PDS/IHEBSMZ
2025-04-15 18:28:27.322353 - Found IHEBSN0.bin (application/octet-stream) in CBT.V508.FILE1058.PDS, moved to PDS/IHEBSN0
2025-04-15 18:28:27.322658 - Found IHEBSO0.bin (application/octet-stream) in CBT.V508.FILE1058.PDS, moved to PDS/IHEBSO0
2025-04-15 18:28:27.322983 - Found IHEBSS2.bin (application/octet-stream) in CBT.V508.FILE1058.PDS, moved to PDS/IHEBSS2
2025-04-15 18:28:27.323072 - Found alias IHEBSS3 to IHEBSS2 in CBT.V508.FILE1058.PDS, moved to PDS/IHEBSS3
2025-04-15 18:28:27.323375 - Found IHEBSTA.bin (application/octet-stream) in CBT.V508.FILE1058.PDS, moved to PDS/IHEBSTA
2025-04-15 18:28:27.323693 - Found IHEBSVA.bin (application/octet-stream) in CBT.V508.FILE1058.PDS, moved to PDS/IHEBSVA
2025-04-15 18:28:27.324005 - Found IHECFAA.bin (application/octet-stream) in CBT.V508.FILE1058.PDS, moved to PDS/IHECFAA
2025-04-15 18:28:27.324310 - Found IHECFBA.bin (application/octet-stream) in CBT.V508.FILE1058.PDS, moved to PDS/IHECFBA
2025-04-15 18:28:27.324612 - Found IHECFCA.bin (application/octet-stream) in CBT.V508.FILE1058.PDS, moved to PDS/IHECFCA
2025-04-15 18:28:27.324717 - Found alias IHECKPS to IHECKPT in CBT.V508.FILE1058.PDS, moved to PDS/IHECKPS
2025-04-15 18:28:27.325025 - Found IHECKPT.bin (application/octet-stream) in CBT.V508.FILE1058.PDS, moved to PDS/IHECKPT
2025-04-15 18:28:27.325333 - Found IHECLSA.bin (application/octet-stream) in CBT.V508.FILE1058.PDS, moved to PDS/IHECLSA
2025-04-15 18:28:27.325637 - Found IHECLTA.bin (application/octet-stream) in CBT.V508.FILE1058.PDS, moved to PDS/IHECLTA
2025-04-15 18:28:27.325719 - Found alias IHECLTB to IHECLTA in CBT.V508.FILE1058.PDS, moved to PDS/IHECLTB
2025-04-15 18:28:27.326020 - Found IHECNTA.bin (application/octet-stream) in CBT.V508.FILE1058.PDS, moved to PDS/IHECNTA
2025-04-15 18:28:27.326105 - Found alias IHECNTB to IHECNTA in CBT.V508.FILE1058.PDS, moved to PDS/IHECNTB
2025-04-15 18:28:27.326415 - Found IHECSC0.bin (application/octet-stream) in CBT.V508.FILE1058.PDS, moved to PDS/IHECSC0
2025-04-15 18:28:27.326722 - Found IHECSI0.bin (application/octet-stream) in CBT.V508.FILE1058.PDS, moved to PDS/IHECSI0
2025-04-15 18:28:27.327026 - Found IHECSKK.bin (application/octet-stream) in CBT.V508.FILE1058.PDS, moved to PDS/IHECSKK
2025-04-15 18:28:27.327113 - Found alias IHECSKR to IHECSKK in CBT.V508.FILE1058.PDS, moved to PDS/IHECSKR
2025-04-15 18:28:27.327166 - Found alias IHECSMB to IHECSMF in CBT.V508.FILE1058.PDS, moved to PDS/IHECSMB
2025-04-15 18:28:27.327465 - Found IHECSMF.bin (application/octet-stream) in CBT.V508.FILE1058.PDS, moved to PDS/IHECSMF
2025-04-15 18:28:27.327543 - Found alias IHECSMH to IHECSMF in CBT.V508.FILE1058.PDS, moved to PDS/IHECSMH
2025-04-15 18:28:27.327594 - Found alias IHECSML to IHECSMF in CBT.V508.FILE1058.PDS, moved to PDS/IHECSML
2025-04-15 18:28:27.327642 - Found alias IHECSMV to IHECSMF in CBT.V508.FILE1058.PDS, moved to PDS/IHECSMV
2025-04-15 18:28:27.327982 - Found IHECSS2.bin (application/octet-stream) in CBT.V508.FILE1058.PDS, moved to PDS/IHECSS2
2025-04-15 18:28:27.328062 - Found alias IHECSS3 to IHECSS2 in CBT.V508.FILE1058.PDS, moved to PDS/IHECSS3
2025-04-15 18:28:27.328363 - Found IHECSTA.bin (application/octet-stream) in CBT.V508.FILE1058.PDS, moved to PDS/IHECSTA
2025-04-15 18:28:27.328540 - Found IHECSVA.bin (application/octet-stream) in CBT.V508.FILE1058.PDS, moved to PDS/IHECSVA
2025-04-15 18:28:27.328840 - Found IHECTTA.bin (application/octet-stream) in CBT.V508.FILE1058.PDS, moved to PDS/IHECTTA
2025-04-15 18:28:27.328924 - Found alias IHECTTB to IHECTTA in CBT.V508.FILE1058.PDS, moved to PDS/IHECTTB
2025-04-15 18:28:27.328977 - Found alias IHECTTC to IHECTTA in CBT.V508.FILE1058.PDS, moved to PDS/IHECTTC
2025-04-15 18:28:27.329026 - Found alias IHEDBN to IHEDBNA in CBT.V508.FILE1058.PDS, moved to PDS/IHEDBN
2025-04-15 18:28:27.329364 - Found IHEDBNA.bin (application/octet-stream) in CBT.V508.FILE1058.PDS, moved to PDS/IHEDBNA
2025-04-15 18:28:27.329444 - Found alias IHEDCN to IHEDCNA in CBT.V508.FILE1058.PDS, moved to PDS/IHEDCN
2025-04-15 18:28:27.330022 - Found IHEDCNA.bin (application/octet-stream) in CBT.V508.FILE1058.PDS, moved to PDS/IHEDCNA
2025-04-15 18:28:27.330104 - Found alias IHEDCNB to IHEDCNA in CBT.V508.FILE1058.PDS, moved to PDS/IHEDCNB
2025-04-15 18:28:27.330800 - Found IHEDDIA.bin (application/octet-stream) in CBT.V508.FILE1058.PDS, moved to PDS/IHEDDIA
2025-04-15 18:28:27.330883 - Found alias IHEDDIB to IHEDDIA in CBT.V508.FILE1058.PDS, moved to PDS/IHEDDIB
2025-04-15 18:28:27.330939 - Found alias IHEDDJ to IHEDDJA in CBT.V508.FILE1058.PDS, moved to PDS/IHEDDJ
2025-04-15 18:28:27.331330 - Found IHEDDJA.bin (application/octet-stream) in CBT.V508.FILE1058.PDS, moved to PDS/IHEDDJA
2025-04-15 18:28:27.331411 - Found alias IHEDDO to IHEDDOA in CBT.V508.FILE1058.PDS, moved to PDS/IHEDDO
2025-04-15 18:28:27.332107 - Found IHEDDOA.bin (application/octet-stream) in CBT.V508.FILE1058.PDS, moved to PDS/IHEDDOA
2025-04-15 18:28:27.332195 - Found alias IHEDDOB to IHEDDOA in CBT.V508.FILE1058.PDS, moved to PDS/IHEDDOB
2025-04-15 18:28:27.332248 - Found alias IHEDDOC to IHEDDOA in CBT.V508.FILE1058.PDS, moved to PDS/IHEDDOC
2025-04-15 18:28:27.332298 - Found alias IHEDDOD to IHEDDOA in CBT.V508.FILE1058.PDS, moved to PDS/IHEDDOD
2025-04-15 18:28:27.332346 - Found alias IHEDDOE to IHEDDOA in CBT.V508.FILE1058.PDS, moved to PDS/IHEDDOE
2025-04-15 18:28:27.332395 - Found alias IHEDDP to IHEDDPA in CBT.V508.FILE1058.PDS, moved to PDS/IHEDDP
2025-04-15 18:28:27.332692 - Found IHEDDPA.bin (application/octet-stream) in CBT.V508.FILE1058.PDS, moved to PDS/IHEDDPA
2025-04-15 18:28:27.332772 - Found alias IHEDDPB to IHEDDPA in CBT.V508.FILE1058.PDS, moved to PDS/IHEDDPB
2025-04-15 18:28:27.332824 - Found alias IHEDDPC to IHEDDPA in CBT.V508.FILE1058.PDS, moved to PDS/IHEDDPC
2025-04-15 18:28:27.332874 - Found alias IHEDDPD to IHEDDPA in CBT.V508.FILE1058.PDS, moved to PDS/IHEDDPD
2025-04-15 18:28:27.332923 - Found alias IHEDDT to IHEDDTA in CBT.V508.FILE1058.PDS, moved to PDS/IHEDDT
2025-04-15 18:28:27.333588 - Found IHEDDTA.bin (application/octet-stream) in CBT.V508.FILE1058.PDS, moved to PDS/IHEDDTA
2025-04-15 18:28:27.333674 - Found alias IHEDDTB to IHEDDTA in CBT.V508.FILE1058.PDS, moved to PDS/IHEDDTB
2025-04-15 18:28:27.333727 - Found alias IHEDDTC to IHEDDTA in CBT.V508.FILE1058.PDS, moved to PDS/IHEDDTC
2025-04-15 18:28:27.333777 - Found alias IHEDDTD to IHEDDTA in CBT.V508.FILE1058.PDS, moved to PDS/IHEDDTD
2025-04-15 18:28:27.333826 - Found alias IHEDDTE to IHEDDTA in CBT.V508.FILE1058.PDS, moved to PDS/IHEDDTE
2025-04-15 18:28:27.333875 - Found alias IHEDIA to IHEDIAA in CBT.V508.FILE1058.PDS, moved to PDS/IHEDIA
2025-04-15 18:28:27.334533 - Found IHEDIAA.bin (application/octet-stream) in CBT.V508.FILE1058.PDS, moved to PDS/IHEDIAA
2025-04-15 18:28:27.334618 - Found alias IHEDIAB to IHEDIAA in CBT.V508.FILE1058.PDS, moved to PDS/IHEDIAB
2025-04-15 18:28:27.335192 - Found IHEDIBA.bin (application/octet-stream) in CBT.V508.FILE1058.PDS, moved to PDS/IHEDIBA
2025-04-15 18:28:27.335277 - Found alias IHEDIBB to IHEDIBA in CBT.V508.FILE1058.PDS, moved to PDS/IHEDIBB
2025-04-15 18:28:27.335920 - Found IHEDIDA.bin (application/octet-stream) in CBT.V508.FILE1058.PDS, moved to PDS/IHEDIDA
2025-04-15 18:28:27.336007 - Found alias IHEDIE to IHEDIEA in CBT.V508.FILE1058.PDS, moved to PDS/IHEDIE
2025-04-15 18:28:27.336619 - Found IHEDIEA.bin (application/octet-stream) in CBT.V508.FILE1058.PDS, moved to PDS/IHEDIEA
2025-04-15 18:28:27.336941 - Found IHEDILA.bin (application/octet-stream) in CBT.V508.FILE1058.PDS, moved to PDS/IHEDILA
2025-04-15 18:28:27.337024 - Found alias IHEDILB to IHEDILA in CBT.V508.FILE1058.PDS, moved to PDS/IHEDILB
2025-04-15 18:28:27.337605 - Found IHEDIMA.bin (application/octet-stream) in CBT.V508.FILE1058.PDS, moved to PDS/IHEDIMA
2025-04-15 18:28:27.337690 - Found alias IHEDMA to IHEDMAA in CBT.V508.FILE1058.PDS, moved to PDS/IHEDMA
2025-04-15 18:28:27.338004 - Found IHEDMAA.bin (application/octet-stream) in CBT.V508.FILE1058.PDS, moved to PDS/IHEDMAA
2025-04-15 18:28:27.338088 - Found alias IHEDNB to IHEDNBA in CBT.V508.FILE1058.PDS, moved to PDS/IHEDNB
2025-04-15 18:28:27.338420 - Found IHEDNBA.bin (application/octet-stream) in CBT.V508.FILE1058.PDS, moved to PDS/IHEDNBA
2025-04-15 18:28:27.338505 - Found alias IHEDNC to IHEDNCA in CBT.V508.FILE1058.PDS, moved to PDS/IHEDNC
2025-04-15 18:28:27.339074 - Found IHEDNCA.bin (application/octet-stream) in CBT.V508.FILE1058.PDS, moved to PDS/IHEDNCA
2025-04-15 18:28:27.339166 - Found alias IHEDOA to IHEDOAA in CBT.V508.FILE1058.PDS, moved to PDS/IHEDOA
2025-04-15 18:28:27.339726 - Found IHEDOAA.bin (application/octet-stream) in CBT.V508.FILE1058.PDS, moved to PDS/IHEDOAA
2025-04-15 18:28:27.339811 - Found alias IHEDOAB to IHEDOAA in CBT.V508.FILE1058.PDS, moved to PDS/IHEDOAB
2025-04-15 18:28:27.340387 - Found IHEDOBA.bin (application/octet-stream) in CBT.V508.FILE1058.PDS, moved to PDS/IHEDOBA
2025-04-15 18:28:27.340473 - Found alias IHEDOBB to IHEDOBA in CBT.V508.FILE1058.PDS, moved to PDS/IHEDOBB
2025-04-15 18:28:27.340528 - Found alias IHEDOBC to IHEDOBA in CBT.V508.FILE1058.PDS, moved to PDS/IHEDOBC
2025-04-15 18:28:27.341085 - Found IHEDODA.bin (application/octet-stream) in CBT.V508.FILE1058.PDS, moved to PDS/IHEDODA
2025-04-15 18:28:27.341170 - Found alias IHEDODB to IHEDODA in CBT.V508.FILE1058.PDS, moved to PDS/IHEDODB
2025-04-15 18:28:27.341235 - Found alias IHEDOE to IHEDOEA in CBT.V508.FILE1058.PDS, moved to PDS/IHEDOE
2025-04-15 18:28:27.341864 - Found IHEDOEA.bin (application/octet-stream) in CBT.V508.FILE1058.PDS, moved to PDS/IHEDOEA
2025-04-15 18:28:27.342656 - Found IHEDOMA.bin (application/octet-stream) in CBT.V508.FILE1058.PDS, moved to PDS/IHEDOMA
2025-04-15 18:28:27.342966 - Found IHEDSPA.bin (application/octet-stream) in CBT.V508.FILE1058.PDS, moved to PDS/IHEDSPA
2025-04-15 18:28:27.343055 - Found alias IHEDUMC to IHEDUMP in CBT.V508.FILE1058.PDS, moved to PDS/IHEDUMC
2025-04-15 18:28:27.343113 - Found alias IHEDUMJ to IHEDUMP in CBT.V508.FILE1058.PDS, moved to PDS/IHEDUMJ
2025-04-15 18:28:27.343491 - Found IHEDUMP.bin (application/octet-stream) in CBT.V508.FILE1058.PDS, moved to PDS/IHEDUMP
2025-04-15 18:28:27.343576 - Found alias IHEDUMT to IHEDUMP in CBT.V508.FILE1058.PDS, moved to PDS/IHEDUMT
2025-04-15 18:28:27.343745 - Found IHEDVU0.bin (application/octet-stream) in CBT.V508.FILE1058.PDS, moved to PDS/IHEDVU0
2025-04-15 18:28:27.343935 - Found IHEDVV0.bin (application/octet-stream) in CBT.V508.FILE1058.PDS, moved to PDS/IHEDVV0
2025-04-15 18:28:27.344108 - Found IHEDZW0.bin (application/octet-stream) in CBT.V508.FILE1058.PDS, moved to PDS/IHEDZW0
2025-04-15 18:28:27.344276 - Found IHEDZZ0.bin (application/octet-stream) in CBT.V508.FILE1058.PDS, moved to PDS/IHEDZZ0
2025-04-15 18:28:27.344472 - Found IHEEFLC.bin (application/octet-stream) in CBT.V508.FILE1058.PDS, moved to PDS/IHEEFLC
2025-04-15 18:28:27.344566 - Found alias IHEEFLF to IHEEFLC in CBT.V508.FILE1058.PDS, moved to PDS/IHEEFLF
2025-04-15 18:28:27.344625 - Found alias IHEEFSC to IHEEFSF in CBT.V508.FILE1058.PDS, moved to PDS/IHEEFSC
2025-04-15 18:28:27.344780 - Found IHEEFSF.bin (application/octet-stream) in CBT.V508.FILE1058.PDS, moved to PDS/IHEEFSF
2025-04-15 18:28:27.344931 - Found IHEERDA.bin (application/octet-stream) in CBT.V508.FILE1058.PDS, moved to PDS/IHEERDA
2025-04-15 18:28:27.345081 - Found IHEEREA.bin (application/octet-stream) in CBT.V508.FILE1058.PDS, moved to PDS/IHEEREA
2025-04-15 18:28:27.345235 - Found IHEERIA.bin (application/octet-stream) in CBT.V508.FILE1058.PDS, moved to PDS/IHEERIA
2025-04-15 18:28:27.345448 - Found IHEERNA.bin (application/octet-stream) in CBT.V508.FILE1058.PDS, moved to PDS/IHEERNA
2025-04-15 18:28:27.345632 - Found IHEEROA.bin (application/octet-stream) in CBT.V508.FILE1058.PDS, moved to PDS/IHEEROA
2025-04-15 18:28:27.345921 - Found IHEERPA.bin (application/octet-stream) in CBT.V508.FILE1058.PDS, moved to PDS/IHEERPA
2025-04-15 18:28:27.346271 - Found IHEERRA.bin (application/octet-stream) in CBT.V508.FILE1058.PDS, moved to PDS/IHEERRA
2025-04-15 18:28:27.346397 - Found alias IHEERRB to IHEERRA in CBT.V508.FILE1058.PDS, moved to PDS/IHEERRB
2025-04-15 18:28:27.346463 - Found alias IHEERRC to IHEERRA in CBT.V508.FILE1058.PDS, moved to PDS/IHEERRC
2025-04-15 18:28:27.346520 - Found alias IHEERRD to IHEERRA in CBT.V508.FILE1058.PDS, moved to PDS/IHEERRD
2025-04-15 18:28:27.346811 - Found IHEERSA.bin (application/octet-stream) in CBT.V508.FILE1058.PDS, moved to PDS/IHEERSA
2025-04-15 18:28:27.346898 - Found alias IHEERSB to IHEERSA in CBT.V508.FILE1058.PDS, moved to PDS/IHEERSB
2025-04-15 18:28:27.347178 - Found IHEERTA.bin (application/octet-stream) in CBT.V508.FILE1058.PDS, moved to PDS/IHEERTA
2025-04-15 18:28:27.347477 - Found IHEESMA.bin (application/octet-stream) in CBT.V508.FILE1058.PDS, moved to PDS/IHEESMA
2025-04-15 18:28:27.347567 - Found alias IHEESMB to IHEESMA in CBT.V508.FILE1058.PDS, moved to PDS/IHEESMB
2025-04-15 18:28:27.347850 - Found IHEESSA.bin (application/octet-stream) in CBT.V508.FILE1058.PDS, moved to PDS/IHEESSA
2025-04-15 18:28:27.347937 - Found alias IHEESSB to IHEESSA in CBT.V508.FILE1058.PDS, moved to PDS/IHEESSB
2025-04-15 18:28:27.348212 - Found IHEEXL0.bin (application/octet-stream) in CBT.V508.FILE1058.PDS, moved to PDS/IHEEXL0
2025-04-15 18:28:27.348494 - Found IHEEXS0.bin (application/octet-stream) in CBT.V508.FILE1058.PDS, moved to PDS/IHEEXS0
2025-04-15 18:28:27.348787 - Found IHEEXW0.bin (application/octet-stream) in CBT.V508.FILE1058.PDS, moved to PDS/IHEEXW0
2025-04-15 18:28:27.349072 - Found IHEEXZ0.bin (application/octet-stream) in CBT.V508.FILE1058.PDS, moved to PDS/IHEEXZ0
2025-04-15 18:28:27.349217 - Found IHEGSP01.bin (application/octet-stream) in CBT.V508.FILE1058.PDS, moved to PDS/IHEGSP01
2025-04-15 18:28:27.349360 - Found IHEGSP02.bin (application/octet-stream) in CBT.V508.FILE1058.PDS, moved to PDS/IHEGSP02
2025-04-15 18:28:27.349520 - Found IHEGSP03.bin (application/octet-stream) in CBT.V508.FILE1058.PDS, moved to PDS/IHEGSP03
2025-04-15 18:28:27.349701 - Found IHEHTL0.bin (application/octet-stream) in CBT.V508.FILE1058.PDS, moved to PDS/IHEHTL0
2025-04-15 18:28:27.349866 - Found IHEHTS0.bin (application/octet-stream) in CBT.V508.FILE1058.PDS, moved to PDS/IHEHTS0
2025-04-15 18:28:27.350090 - Found IHEIBTA.bin (application/octet-stream) in CBT.V508.FILE1058.PDS, moved to PDS/IHEIBTA
2025-04-15 18:28:27.350193 - Found alias IHEIBTB to IHEIBTA in CBT.V508.FILE1058.PDS, moved to PDS/IHEIBTB
2025-04-15 18:28:27.350256 - Found alias IHEIBTC to IHEIBTA in CBT.V508.FILE1058.PDS, moved to PDS/IHEIBTC
2025-04-15 18:28:27.350315 - Found alias IHEIBTD to IHEIBTA in CBT.V508.FILE1058.PDS, moved to PDS/IHEIBTD
2025-04-15 18:28:27.350372 - Found alias IHEIBTE to IHEIBTA in CBT.V508.FILE1058.PDS, moved to PDS/IHEIBTE
2025-04-15 18:28:27.350674 - Found IHEIGTA.bin (application/octet-stream) in CBT.V508.FILE1058.PDS, moved to PDS/IHEIGTA
2025-04-15 18:28:27.350972 - Found IHEINTA.bin (application/octet-stream) in CBT.V508.FILE1058.PDS, moved to PDS/IHEINTA
2025-04-15 18:28:27.351306 - Found IHEIOAA.bin (application/octet-stream) in CBT.V508.FILE1058.PDS, moved to PDS/IHEIOAA
2025-04-15 18:28:27.351408 - Found alias IHEIOAB to IHEIOAA in CBT.V508.FILE1058.PDS, moved to PDS/IHEIOAB
2025-04-15 18:28:27.351469 - Found alias IHEIOAC to IHEIOAA in CBT.V508.FILE1058.PDS, moved to PDS/IHEIOAC
2025-04-15 18:28:27.351527 - Found alias IHEIOAD to IHEIOAA in CBT.V508.FILE1058.PDS, moved to PDS/IHEIOAD
2025-04-15 18:28:27.351914 - Found IHEIOBA.bin (application/octet-stream) in CBT.V508.FILE1058.PDS, moved to PDS/IHEIOBA
2025-04-15 18:28:27.351998 - Found alias IHEIOBB to IHEIOBA in CBT.V508.FILE1058.PDS, moved to PDS/IHEIOBB
2025-04-15 18:28:27.352058 - Found alias IHEIOBC to IHEIOBA in CBT.V508.FILE1058.PDS, moved to PDS/IHEIOBC
2025-04-15 18:28:27.352117 - Found alias IHEIOBD to IHEIOBA in CBT.V508.FILE1058.PDS, moved to PDS/IHEIOBD
2025-04-15 18:28:27.352173 - Found alias IHEIOBE to IHEIOBA in CBT.V508.FILE1058.PDS, moved to PDS/IHEIOBE
2025-04-15 18:28:27.352474 - Found IHEIOCA.bin (application/octet-stream) in CBT.V508.FILE1058.PDS, moved to PDS/IHEIOCA
2025-04-15 18:28:27.352573 - Found alias IHEIOCB to IHEIOCA in CBT.V508.FILE1058.PDS, moved to PDS/IHEIOCB
2025-04-15 18:28:27.352636 - Found alias IHEIOCC to IHEIOCA in CBT.V508.FILE1058.PDS, moved to PDS/IHEIOCC
2025-04-15 18:28:27.352941 - Found IHEIODG.bin (application/octet-stream) in CBT.V508.FILE1058.PDS, moved to PDS/IHEIODG
2025-04-15 18:28:27.353031 - Found alias IHEIODP to IHEIODG in CBT.V508.FILE1058.PDS, moved to PDS/IHEIODP
2025-04-15 18:28:27.353315 - Found IHEIOFA.bin (application/octet-stream) in CBT.V508.FILE1058.PDS, moved to PDS/IHEIOFA
2025-04-15 18:28:27.353622 - Found IHEIOGA.bin (application/octet-stream) in CBT.V508.FILE1058.PDS, moved to PDS/IHEIOGA
2025-04-15 18:28:27.353934 - Found IHEIONA.bin (application/octet-stream) in CBT.V508.FILE1058.PDS, moved to PDS/IHEIONA
2025-04-15 18:28:27.354234 - Found IHEIOPA.bin (application/octet-stream) in CBT.V508.FILE1058.PDS, moved to PDS/IHEIOPA
2025-04-15 18:28:27.354332 - Found alias IHEIOPB to IHEIOPA in CBT.V508.FILE1058.PDS, moved to PDS/IHEIOPB
2025-04-15 18:28:27.354395 - Found alias IHEIOPC to IHEIOPA in CBT.V508.FILE1058.PDS, moved to PDS/IHEIOPC
2025-04-15 18:28:27.354681 - Found IHEIOXA.bin (application/octet-stream) in CBT.V508.FILE1058.PDS, moved to PDS/IHEIOXA
2025-04-15 18:28:27.354766 - Found alias IHEIOXB to IHEIOXA in CBT.V508.FILE1058.PDS, moved to PDS/IHEIOXB
2025-04-15 18:28:27.354828 - Found alias IHEIOXC to IHEIOXA in CBT.V508.FILE1058.PDS, moved to PDS/IHEIOXC
2025-04-15 18:28:27.355114 - Found IHEITBA.bin (application/octet-stream) in CBT.V508.FILE1058.PDS, moved to PDS/IHEITBA
2025-04-15 18:28:27.355319 - Found IHEITCA.bin (application/octet-stream) in CBT.V508.FILE1058.PDS, moved to PDS/IHEITCA
2025-04-15 18:28:27.355506 - Found IHEITDA.bin (application/octet-stream) in CBT.V508.FILE1058.PDS, moved to PDS/IHEITDA
2025-04-15 18:28:27.355822 - Found IHEITEA.bin (application/octet-stream) in CBT.V508.FILE1058.PDS, moved to PDS/IHEITEA
2025-04-15 18:28:27.356128 - Found IHEITFA.bin (application/octet-stream) in CBT.V508.FILE1058.PDS, moved to PDS/IHEITFA
2025-04-15 18:28:27.356422 - Found IHEITGA.bin (application/octet-stream) in CBT.V508.FILE1058.PDS, moved to PDS/IHEITGA
2025-04-15 18:28:27.356743 - Found IHEITHA.bin (application/octet-stream) in CBT.V508.FILE1058.PDS, moved to PDS/IHEITHA
2025-04-15 18:28:27.357051 - Found IHEITJA.bin (application/octet-stream) in CBT.V508.FILE1058.PDS, moved to PDS/IHEITJA
2025-04-15 18:28:27.357360 - Found IHEITKA.bin (application/octet-stream) in CBT.V508.FILE1058.PDS, moved to PDS/IHEITKA
2025-04-15 18:28:27.357686 - Found IHEITLA.bin (application/octet-stream) in CBT.V508.FILE1058.PDS, moved to PDS/IHEITLA
2025-04-15 18:28:27.357985 - Found IHEITMA.bin (application/octet-stream) in CBT.V508.FILE1058.PDS, moved to PDS/IHEITMA
2025-04-15 18:28:27.358297 - Found IHEITNA.bin (application/octet-stream) in CBT.V508.FILE1058.PDS, moved to PDS/IHEITNA
2025-04-15 18:28:27.358618 - Found IHEITOA.bin (application/octet-stream) in CBT.V508.FILE1058.PDS, moved to PDS/IHEITOA
2025-04-15 18:28:27.358923 - Found IHEITPA.bin (application/octet-stream) in CBT.V508.FILE1058.PDS, moved to PDS/IHEITPA
2025-04-15 18:28:27.359207 - Found IHEJXII.bin (application/octet-stream) in CBT.V508.FILE1058.PDS, moved to PDS/IHEJXII
2025-04-15 18:28:27.359336 - Found alias IHEJXIY to IHEJXII in CBT.V508.FILE1058.PDS, moved to PDS/IHEJXIY
2025-04-15 18:28:27.359620 - Found IHEJXSI.bin (application/octet-stream) in CBT.V508.FILE1058.PDS, moved to PDS/IHEJXSI
2025-04-15 18:28:27.359744 - Found alias IHEJXSY to IHEJXSI in CBT.V508.FILE1058.PDS, moved to PDS/IHEJXSY
2025-04-15 18:28:27.359814 - Found alias IHEKCA to IHEKCAA in CBT.V508.FILE1058.PDS, moved to PDS/IHEKCA
2025-04-15 18:28:27.360136 - Found IHEKCAA.bin (application/octet-stream) in CBT.V508.FILE1058.PDS, moved to PDS/IHEKCAA
2025-04-15 18:28:27.360230 - Found alias IHEKCB to IHEKCBA in CBT.V508.FILE1058.PDS, moved to PDS/IHEKCB
2025-04-15 18:28:27.360538 - Found IHEKCBA.bin (application/octet-stream) in CBT.V508.FILE1058.PDS, moved to PDS/IHEKCBA
2025-04-15 18:28:27.360639 - Found alias IHEKCD to IHEKCDA in CBT.V508.FILE1058.PDS, moved to PDS/IHEKCD
2025-04-15 18:28:27.360970 - Found IHEKCDA.bin (application/octet-stream) in CBT.V508.FILE1058.PDS, moved to PDS/IHEKCDA
2025-04-15 18:28:27.361079 - Found alias IHEKCDB to IHEKCDA in CBT.V508.FILE1058.PDS, moved to PDS/IHEKCDB
2025-04-15 18:28:27.361688 - Found IHELDIA.bin (application/octet-stream) in CBT.V508.FILE1058.PDS, moved to PDS/IHELDIA
2025-04-15 18:28:27.361793 - Found alias IHELDIB to IHELDIA in CBT.V508.FILE1058.PDS, moved to PDS/IHELDIB
2025-04-15 18:28:27.361861 - Found alias IHELDIC to IHELDIA in CBT.V508.FILE1058.PDS, moved to PDS/IHELDIC
2025-04-15 18:28:27.361923 - Found alias IHELDID to IHELDIA in CBT.V508.FILE1058.PDS, moved to PDS/IHELDID
2025-04-15 18:28:27.362411 - Found IHELDOA.bin (application/octet-stream) in CBT.V508.FILE1058.PDS, moved to PDS/IHELDOA
2025-04-15 18:28:27.362506 - Found alias IHELDOB to IHELDOA in CBT.V508.FILE1058.PDS, moved to PDS/IHELDOB
2025-04-15 18:28:27.362571 - Found alias IHELDOC to IHELDOA in CBT.V508.FILE1058.PDS, moved to PDS/IHELDOC
2025-04-15 18:28:27.362634 - Found alias IHELNLD to IHELNL2 in CBT.V508.FILE1058.PDS, moved to PDS/IHELNLD
2025-04-15 18:28:27.362696 - Found alias IHELNLE to IHELNL2 in CBT.V508.FILE1058.PDS, moved to PDS/IHELNLE
2025-04-15 18:28:27.363083 - Found IHELNL2.bin (application/octet-stream) in CBT.V508.FILE1058.PDS, moved to PDS/IHELNL2
2025-04-15 18:28:27.363172 - Found alias IHELNSD to IHELNS2 in CBT.V508.FILE1058.PDS, moved to PDS/IHELNSD
2025-04-15 18:28:27.363236 - Found alias IHELNSE to IHELNS2 in CBT.V508.FILE1058.PDS, moved to PDS/IHELNSE
2025-04-15 18:28:27.363618 - Found IHELNS2.bin (application/octet-stream) in CBT.V508.FILE1058.PDS, moved to PDS/IHELNS2
2025-04-15 18:28:27.363917 - Found IHELNW0.bin (application/octet-stream) in CBT.V508.FILE1058.PDS, moved to PDS/IHELNW0
2025-04-15 18:28:27.364203 - Found IHELNZ0.bin (application/octet-stream) in CBT.V508.FILE1058.PDS, moved to PDS/IHELNZ0
2025-04-15 18:28:27.364569 - Found IHELSPA.bin (application/octet-stream) in CBT.V508.FILE1058.PDS, moved to PDS/IHELSPA
2025-04-15 18:28:27.364668 - Found alias IHELSPB to IHELSPA in CBT.V508.FILE1058.PDS, moved to PDS/IHELSPB
2025-04-15 18:28:27.364735 - Found alias IHELSPC to IHELSPA in CBT.V508.FILE1058.PDS, moved to PDS/IHELSPC
2025-04-15 18:28:27.364798 - Found alias IHELSPD to IHELSPA in CBT.V508.FILE1058.PDS, moved to PDS/IHELSPD
2025-04-15 18:28:27.364861 - Found alias IHELSPE to IHELSPA in CBT.V508.FILE1058.PDS, moved to PDS/IHELSPE
2025-04-15 18:28:27.365504 - Found IHELTTA.bin (application/octet-stream) in CBT.V508.FILE1058.PDS, moved to PDS/IHELTTA
2025-04-15 18:28:27.365838 - Found IHELTVA.bin (application/octet-stream) in CBT.V508.FILE1058.PDS, moved to PDS/IHELTVA
2025-04-15 18:28:27.365989 - Found IHEMAIN.bin (application/octet-stream) in CBT.V508.FILE1058.PDS, moved to PDS/IHEMAIN
2025-04-15 18:28:27.366146 - Found IHEMPU0.bin (application/octet-stream) in CBT.V508.FILE1058.PDS, moved to PDS/IHEMPU0
2025-04-15 18:28:27.366300 - Found IHEMPV0.bin (application/octet-stream) in CBT.V508.FILE1058.PDS, moved to PDS/IHEMPV0
2025-04-15 18:28:27.366421 - Found alias IHEMXBN to IHEMXBX in CBT.V508.FILE1058.PDS, moved to PDS/IHEMXBN
2025-04-15 18:28:27.366572 - Found IHEMXBX.bin (application/octet-stream) in CBT.V508.FILE1058.PDS, moved to PDS/IHEMXBX
2025-04-15 18:28:27.366663 - Found alias IHEMXDN to IHEMXDX in CBT.V508.FILE1058.PDS, moved to PDS/IHEMXDN
2025-04-15 18:28:27.366809 - Found IHEMXDX.bin (application/octet-stream) in CBT.V508.FILE1058.PDS, moved to PDS/IHEMXDX
2025-04-15 18:28:27.366898 - Found alias IHEMXLN to IHEMXLX in CBT.V508.FILE1058.PDS, moved to PDS/IHEMXLN
2025-04-15 18:28:27.367060 - Found IHEMXLX.bin (application/octet-stream) in CBT.V508.FILE1058.PDS, moved to PDS/IHEMXLX
2025-04-15 18:28:27.367155 - Found alias IHEMXSN to IHEMXSX in CBT.V508.FILE1058.PDS, moved to PDS/IHEMXSN
2025-04-15 18:28:27.367312 - Found IHEMXSX.bin (application/octet-stream) in CBT.V508.FILE1058.PDS, moved to PDS/IHEMXSX
2025-04-15 18:28:27.367403 - Found alias IHEMZUD to IHEMZUM in CBT.V508.FILE1058.PDS, moved to PDS/IHEMZUD
2025-04-15 18:28:27.367555 - Found IHEMZUM.bin (application/octet-stream) in CBT.V508.FILE1058.PDS, moved to PDS/IHEMZUM
2025-04-15 18:28:27.367646 - Found alias IHEMZVD to IHEMZVM in CBT.V508.FILE1058.PDS, moved to PDS/IHEMZVD
2025-04-15 18:28:27.367807 - Found IHEMZVM.bin (application/octet-stream) in CBT.V508.FILE1058.PDS, moved to PDS/IHEMZVM
2025-04-15 18:28:27.367988 - Found IHEMZW0.bin (application/octet-stream) in CBT.V508.FILE1058.PDS, moved to PDS/IHEMZW0
2025-04-15 18:28:27.368170 - Found IHEMZZ0.bin (application/octet-stream) in CBT.V508.FILE1058.PDS, moved to PDS/IHEMZZ0
2025-04-15 18:28:27.368271 - Found alias IHEM91 to IHEM91A in CBT.V508.FILE1058.PDS, moved to PDS/IHEM91
2025-04-15 18:28:27.368492 - Found IHEM91A.bin (application/octet-stream) in CBT.V508.FILE1058.PDS, moved to PDS/IHEM91A
2025-04-15 18:28:27.368594 - Found alias IHEM91B to IHEM91A in CBT.V508.FILE1058.PDS, moved to PDS/IHEM91B
2025-04-15 18:28:27.368664 - Found alias IHEM91C to IHEM91A in CBT.V508.FILE1058.PDS, moved to PDS/IHEM91C
2025-04-15 18:28:27.368731 - Found alias IHENL1A to IHENL1N in CBT.V508.FILE1058.PDS, moved to PDS/IHENL1A
2025-04-15 18:28:27.368795 - Found alias IHENL1L to IHENL1N in CBT.V508.FILE1058.PDS, moved to PDS/IHENL1L
2025-04-15 18:28:27.368970 - Found IHENL1N.bin (application/octet-stream) in CBT.V508.FILE1058.PDS, moved to PDS/IHENL1N
2025-04-15 18:28:27.369072 - Found alias IHENL2A to IHENL2N in CBT.V508.FILE1058.PDS, moved to PDS/IHENL2A
2025-04-15 18:28:27.369141 - Found alias IHENL2L to IHENL2N in CBT.V508.FILE1058.PDS, moved to PDS/IHENL2L
2025-04-15 18:28:27.369440 - Found IHENL2N.bin (application/octet-stream) in CBT.V508.FILE1058.PDS, moved to PDS/IHENL2N
2025-04-15 18:28:27.369763 - Found IHEOCLA.bin (application/octet-stream) in CBT.V508.FILE1058.PDS, moved to PDS/IHEOCLA
2025-04-15 18:28:27.369864 - Found alias IHEOCLB to IHEOCLA in CBT.V508.FILE1058.PDS, moved to PDS/IHEOCLB
2025-04-15 18:28:27.369933 - Found alias IHEOCLC to IHEOCLA in CBT.V508.FILE1058.PDS, moved to PDS/IHEOCLC
2025-04-15 18:28:27.369999 - Found alias IHEOCLD to IHEOCLA in CBT.V508.FILE1058.PDS, moved to PDS/IHEOCLD
2025-04-15 18:28:27.370361 - Found IHEOCTA.bin (application/octet-stream) in CBT.V508.FILE1058.PDS, moved to PDS/IHEOCTA
2025-04-15 18:28:27.370472 - Found alias IHEOCTB to IHEOCTA in CBT.V508.FILE1058.PDS, moved to PDS/IHEOCTB
2025-04-15 18:28:27.370544 - Found alias IHEOCTC to IHEOCTA in CBT.V508.FILE1058.PDS, moved to PDS/IHEOCTC
2025-04-15 18:28:27.370611 - Found alias IHEOCTD to IHEOCTA in CBT.V508.FILE1058.PDS, moved to PDS/IHEOCTD
2025-04-15 18:28:27.370783 - Found IHEOPNA.bin (application/octet-stream) in CBT.V508.FILE1058.PDS, moved to PDS/IHEOPNA
2025-04-15 18:28:27.370969 - Found IHEOPOA.bin (application/octet-stream) in CBT.V508.FILE1058.PDS, moved to PDS/IHEOPOA
2025-04-15 18:28:27.371273 - Found IHEOPPA.bin (application/octet-stream) in CBT.V508.FILE1058.PDS, moved to PDS/IHEOPPA
2025-04-15 18:28:27.371575 - Found IHEOPQA.bin (application/octet-stream) in CBT.V508.FILE1058.PDS, moved to PDS/IHEOPQA
2025-04-15 18:28:27.371879 - Found IHEOPZA.bin (application/octet-stream) in CBT.V508.FILE1058.PDS, moved to PDS/IHEOPZA
2025-04-15 18:28:27.372176 - Found IHEOSDA.bin (application/octet-stream) in CBT.V508.FILE1058.PDS, moved to PDS/IHEOSDA
2025-04-15 18:28:27.372579 - Found IHEOSEA.bin (application/octet-stream) in CBT.V508.FILE1058.PDS, moved to PDS/IHEOSEA
2025-04-15 18:28:27.372888 - Found IHEOSIA.bin (application/octet-stream) in CBT.V508.FILE1058.PDS, moved to PDS/IHEOSIA
2025-04-15 18:28:27.373234 - Found IHEOSSA.bin (application/octet-stream) in CBT.V508.FILE1058.PDS, moved to PDS/IHEOSSA
2025-04-15 18:28:27.373538 - Found IHEOSTA.bin (application/octet-stream) in CBT.V508.FILE1058.PDS, moved to PDS/IHEOSTA
2025-04-15 18:28:27.373853 - Found IHEOSWA.bin (application/octet-stream) in CBT.V508.FILE1058.PDS, moved to PDS/IHEOSWA
2025-04-15 18:28:27.374175 - Found IHEPDF0.bin (application/octet-stream) in CBT.V508.FILE1058.PDS, moved to PDS/IHEPDF0
2025-04-15 18:28:27.374350 - Found IHEPDL0.bin (application/octet-stream) in CBT.V508.FILE1058.PDS, moved to PDS/IHEPDL0
2025-04-15 18:28:27.374525 - Found IHEPDS0.bin (application/octet-stream) in CBT.V508.FILE1058.PDS, moved to PDS/IHEPDS0
2025-04-15 18:28:27.374694 - Found IHEPDW0.bin (application/octet-stream) in CBT.V508.FILE1058.PDS, moved to PDS/IHEPDW0
2025-04-15 18:28:27.374932 - Found IHEPDX0.bin (application/octet-stream) in CBT.V508.FILE1058.PDS, moved to PDS/IHEPDX0
2025-04-15 18:28:27.375106 - Found IHEPDZ0.bin (application/octet-stream) in CBT.V508.FILE1058.PDS, moved to PDS/IHEPDZ0
2025-04-15 18:28:27.375282 - Found IHEPRDA.bin (application/octet-stream) in CBT.V508.FILE1058.PDS, moved to PDS/IHEPRDA
2025-04-15 18:28:27.375489 - Found IHEPRTA.bin (application/octet-stream) in CBT.V508.FILE1058.PDS, moved to PDS/IHEPRTA
2025-04-15 18:28:27.375600 - Found alias IHEPRTB to IHEPRTA in CBT.V508.FILE1058.PDS, moved to PDS/IHEPRTB
2025-04-15 18:28:27.375809 - Found IHEPSF0.bin (application/octet-stream) in CBT.V508.FILE1058.PDS, moved to PDS/IHEPSF0
2025-04-15 18:28:27.375984 - Found IHEPSL0.bin (application/octet-stream) in CBT.V508.FILE1058.PDS, moved to PDS/IHEPSL0
2025-04-15 18:28:27.376157 - Found IHEPSS0.bin (application/octet-stream) in CBT.V508.FILE1058.PDS, moved to PDS/IHEPSS0
2025-04-15 18:28:27.376332 - Found IHEPSW0.bin (application/octet-stream) in CBT.V508.FILE1058.PDS, moved to PDS/IHEPSW0
2025-04-15 18:28:27.376543 - Found IHEPSX0.bin (application/octet-stream) in CBT.V508.FILE1058.PDS, moved to PDS/IHEPSX0
2025-04-15 18:28:27.376720 - Found IHEPSZ0.bin (application/octet-stream) in CBT.V508.FILE1058.PDS, moved to PDS/IHEPSZ0
2025-04-15 18:28:27.376964 - Found IHEPTTA.bin (application/octet-stream) in CBT.V508.FILE1058.PDS, moved to PDS/IHEPTTA
2025-04-15 18:28:27.377073 - Found alias IHEPTTB to IHEPTTA in CBT.V508.FILE1058.PDS, moved to PDS/IHEPTTB
2025-04-15 18:28:27.377148 - Found alias IHERESN to IHEREST in CBT.V508.FILE1058.PDS, moved to PDS/IHERESN
2025-04-15 18:28:27.377321 - Found IHEREST.bin (application/octet-stream) in CBT.V508.FILE1058.PDS, moved to PDS/IHEREST
2025-04-15 18:28:27.377424 - Found alias IHESADA to IHESAPA in CBT.V508.FILE1058.PDS, moved to PDS/IHESADA
2025-04-15 18:28:27.378024 - Found IHESAPA.bin (application/octet-stream) in CBT.V508.FILE1058.PDS, moved to PDS/IHESAPA
2025-04-15 18:28:27.378149 - Found alias IHESAPB to IHESAPA in CBT.V508.FILE1058.PDS, moved to PDS/IHESAPB
2025-04-15 18:28:27.378224 - Found alias IHESAPC to IHESAPA in CBT.V508.FILE1058.PDS, moved to PDS/IHESAPC
2025-04-15 18:28:27.378295 - Found alias IHESAPD to IHESAPA in CBT.V508.FILE1058.PDS, moved to PDS/IHESAPD
2025-04-15 18:28:27.378365 - Found alias IHESHLC to IHESHLS in CBT.V508.FILE1058.PDS, moved to PDS/IHESHLC
2025-04-15 18:28:27.378670 - Found IHESHLS.bin (application/octet-stream) in CBT.V508.FILE1058.PDS, moved to PDS/IHESHLS
2025-04-15 18:28:27.378824 - Found alias IHESHSC to IHESHSS in CBT.V508.FILE1058.PDS, moved to PDS/IHESHSC
2025-04-15 18:28:27.379141 - Found IHESHSS.bin (application/octet-stream) in CBT.V508.FILE1058.PDS, moved to PDS/IHESHSS
2025-04-15 18:28:27.379471 - Found IHESIZE.bin (application/octet-stream) in CBT.V508.FILE1058.PDS, moved to PDS/IHESIZE
2025-04-15 18:28:27.379812 - Found IHESMF0.bin (application/octet-stream) in CBT.V508.FILE1058.PDS, moved to PDS/IHESMF0
2025-04-15 18:28:27.379971 - Found IHESMGC.bin (application/octet-stream) in CBT.V508.FILE1058.PDS, moved to PDS/IHESMGC
2025-04-15 18:28:27.380077 - Found alias IHESMGR to IHESMGC in CBT.V508.FILE1058.PDS, moved to PDS/IHESMGR
2025-04-15 18:28:27.380219 - Found IHESMHC.bin (application/octet-stream) in CBT.V508.FILE1058.PDS, moved to PDS/IHESMHC
2025-04-15 18:28:27.380318 - Found alias IHESMHR to IHESMHC in CBT.V508.FILE1058.PDS, moved to PDS/IHESMHR
2025-04-15 18:28:27.380503 - Found IHESMX0.bin (application/octet-stream) in CBT.V508.FILE1058.PDS, moved to PDS/IHESMX0
2025-04-15 18:28:27.380600 - Found alias IHESNLC to IHESNLK in CBT.V508.FILE1058.PDS, moved to PDS/IHESNLC
2025-04-15 18:28:27.380827 - Found IHESNLK.bin (application/octet-stream) in CBT.V508.FILE1058.PDS, moved to PDS/IHESNLK
2025-04-15 18:28:27.380925 - Found alias IHESNLS to IHESNLK in CBT.V508.FILE1058.PDS, moved to PDS/IHESNLS
2025-04-15 18:28:27.381000 - Found alias IHESNLZ to IHESNLK in CBT.V508.FILE1058.PDS, moved to PDS/IHESNLZ
2025-04-15 18:28:27.381072 - Found alias IHESNSC to IHESNSS in CBT.V508.FILE1058.PDS, moved to PDS/IHESNSC
2025-04-15 18:28:27.381143 - Found alias IHESNSK to IHESNSS in CBT.V508.FILE1058.PDS, moved to PDS/IHESNSK
2025-04-15 18:28:27.381377 - Found IHESNSS.bin (application/octet-stream) in CBT.V508.FILE1058.PDS, moved to PDS/IHESNSS
2025-04-15 18:28:27.381485 - Found alias IHESNSZ to IHESNSS in CBT.V508.FILE1058.PDS, moved to PDS/IHESNSZ
2025-04-15 18:28:27.381561 - Found alias IHESNWC to IHESNWK in CBT.V508.FILE1058.PDS, moved to PDS/IHESNWC
2025-04-15 18:28:27.381782 - Found IHESNWK.bin (application/octet-stream) in CBT.V508.FILE1058.PDS, moved to PDS/IHESNWK
2025-04-15 18:28:27.381876 - Found alias IHESNWS to IHESNWK in CBT.V508.FILE1058.PDS, moved to PDS/IHESNWS
2025-04-15 18:28:27.381949 - Found alias IHESNWZ to IHESNWK in CBT.V508.FILE1058.PDS, moved to PDS/IHESNWZ
2025-04-15 18:28:27.382021 - Found alias IHESNZC to IHESNZK in CBT.V508.FILE1058.PDS, moved to PDS/IHESNZC
2025-04-15 18:28:27.382196 - Found IHESNZK.bin (application/octet-stream) in CBT.V508.FILE1058.PDS, moved to PDS/IHESNZK
2025-04-15 18:28:27.382292 - Found alias IHESNZS to IHESNZK in CBT.V508.FILE1058.PDS, moved to PDS/IHESNZS
2025-04-15 18:28:27.382366 - Found alias IHESNZZ to IHESNZK in CBT.V508.FILE1058.PDS, moved to PDS/IHESNZZ
2025-04-15 18:28:27.382518 - Found IHESPRT.bin (application/octet-stream) in CBT.V508.FILE1058.PDS, moved to PDS/IHESPRT
2025-04-15 18:28:27.382720 - Found IHESQL0.bin (application/octet-stream) in CBT.V508.FILE1058.PDS, moved to PDS/IHESQL0
2025-04-15 18:28:27.382924 - Found IHESQS0.bin (application/octet-stream) in CBT.V508.FILE1058.PDS, moved to PDS/IHESQS0
2025-04-15 18:28:27.383128 - Found IHESQW0.bin (application/octet-stream) in CBT.V508.FILE1058.PDS, moved to PDS/IHESQW0
2025-04-15 18:28:27.383322 - Found IHESQZ0.bin (application/octet-stream) in CBT.V508.FILE1058.PDS, moved to PDS/IHESQZ0
2025-04-15 18:28:27.383517 - Found IHESRCA.bin (application/octet-stream) in CBT.V508.FILE1058.PDS, moved to PDS/IHESRCA
2025-04-15 18:28:27.383615 - Found alias IHESRCB to IHESRCA in CBT.V508.FILE1058.PDS, moved to PDS/IHESRCB
2025-04-15 18:28:27.383687 - Found alias IHESRCC to IHESRCA in CBT.V508.FILE1058.PDS, moved to PDS/IHESRCC
2025-04-15 18:28:27.383757 - Found alias IHESRCD to IHESRCA in CBT.V508.FILE1058.PDS, moved to PDS/IHESRCD
2025-04-15 18:28:27.383831 - Found alias IHESRCE to IHESRCA in CBT.V508.FILE1058.PDS, moved to PDS/IHESRCE
2025-04-15 18:28:27.383905 - Found alias IHESRCF to IHESRCA in CBT.V508.FILE1058.PDS, moved to PDS/IHESRCF
2025-04-15 18:28:27.384058 - Found IHESRDA.bin (application/octet-stream) in CBT.V508.FILE1058.PDS, moved to PDS/IHESRDA
2025-04-15 18:28:27.384585 - Found IHESRTA.bin (application/octet-stream) in CBT.V508.FILE1058.PDS, moved to PDS/IHESRTA
2025-04-15 18:28:27.384689 - Found alias IHESRTB to IHESRTA in CBT.V508.FILE1058.PDS, moved to PDS/IHESRTB
2025-04-15 18:28:27.384764 - Found alias IHESRTC to IHESRTA in CBT.V508.FILE1058.PDS, moved to PDS/IHESRTC
2025-04-15 18:28:27.384838 - Found alias IHESRTD to IHESRTA in CBT.V508.FILE1058.PDS, moved to PDS/IHESRTD
2025-04-15 18:28:27.385215 - Found IHESSF0.bin (application/octet-stream) in CBT.V508.FILE1058.PDS, moved to PDS/IHESSF0
2025-04-15 18:28:27.385364 - Found IHESSGC.bin (application/octet-stream) in CBT.V508.FILE1058.PDS, moved to PDS/IHESSGC
2025-04-15 18:28:27.385465 - Found alias IHESSGR to IHESSGC in CBT.V508.FILE1058.PDS, moved to PDS/IHESSGR
2025-04-15 18:28:27.385625 - Found IHESSHC.bin (application/octet-stream) in CBT.V508.FILE1058.PDS, moved to PDS/IHESSHC
2025-04-15 18:28:27.385729 - Found alias IHESSHR to IHESSHC in CBT.V508.FILE1058.PDS, moved to PDS/IHESSHR
2025-04-15 18:28:27.385957 - Found IHESSX0.bin (application/octet-stream) in CBT.V508.FILE1058.PDS, moved to PDS/IHESSX0
2025-04-15 18:28:27.386120 - Found IHESTAA.bin (application/octet-stream) in CBT.V508.FILE1058.PDS, moved to PDS/IHESTAA
2025-04-15 18:28:27.386320 - Found IHESTGA.bin (application/octet-stream) in CBT.V508.FILE1058.PDS, moved to PDS/IHESTGA
2025-04-15 18:28:27.386423 - Found alias IHESTGB to IHESTGA in CBT.V508.FILE1058.PDS, moved to PDS/IHESTGB
2025-04-15 18:28:27.386622 - Found IHESTPA.bin (application/octet-stream) in CBT.V508.FILE1058.PDS, moved to PDS/IHESTPA
2025-04-15 18:28:27.386790 - Found IHESTRA.bin (application/octet-stream) in CBT.V508.FILE1058.PDS, moved to PDS/IHESTRA
2025-04-15 18:28:27.386897 - Found alias IHESTRB to IHESTRA in CBT.V508.FILE1058.PDS, moved to PDS/IHESTRB
2025-04-15 18:28:27.386976 - Found alias IHESTRC to IHESTRA in CBT.V508.FILE1058.PDS, moved to PDS/IHESTRC
2025-04-15 18:28:27.387128 - Found IHESUBA.bin (application/octet-stream) in CBT.V508.FILE1058.PDS, moved to PDS/IHESUBA
2025-04-15 18:28:27.387275 - Found IHETABS.bin (application/octet-stream) in CBT.V508.FILE1058.PDS, moved to PDS/IHETABS
2025-04-15 18:28:27.387424 - Found IHETCVA.bin (application/octet-stream) in CBT.V508.FILE1058.PDS, moved to PDS/IHETCVA
2025-04-15 18:28:27.387525 - Found alias IHETCVB to IHETCVA in CBT.V508.FILE1058.PDS, moved to PDS/IHETCVB
2025-04-15 18:28:27.387727 - Found IHETEAA.bin (application/octet-stream) in CBT.V508.FILE1058.PDS, moved to PDS/IHETEAA
2025-04-15 18:28:27.387830 - Found alias IHETER to IHETERA in CBT.V508.FILE1058.PDS, moved to PDS/IHETER
2025-04-15 18:28:27.387985 - Found IHETERA.bin (application/octet-stream) in CBT.V508.FILE1058.PDS, moved to PDS/IHETERA
2025-04-15 18:28:27.388186 - Found IHETEVA.bin (application/octet-stream) in CBT.V508.FILE1058.PDS, moved to PDS/IHETEVA
2025-04-15 18:28:27.388333 - Found IHETEXA.bin (application/octet-stream) in CBT.V508.FILE1058.PDS, moved to PDS/IHETEXA
2025-04-15 18:28:27.388434 - Found alias IHETEXB to IHETEXA in CBT.V508.FILE1058.PDS, moved to PDS/IHETEXB
2025-04-15 18:28:27.388512 - Found alias IHETEXC to IHETEXA in CBT.V508.FILE1058.PDS, moved to PDS/IHETEXC
2025-04-15 18:28:27.388680 - Found IHETHL0.bin (application/octet-stream) in CBT.V508.FILE1058.PDS, moved to PDS/IHETHL0
2025-04-15 18:28:27.388859 - Found IHETHS0.bin (application/octet-stream) in CBT.V508.FILE1058.PDS, moved to PDS/IHETHS0
2025-04-15 18:28:27.389064 - Found IHETNLD.bin (application/octet-stream) in CBT.V508.FILE1058.PDS, moved to PDS/IHETNLD
2025-04-15 18:28:27.389172 - Found alias IHETNLR to IHETNLD in CBT.V508.FILE1058.PDS, moved to PDS/IHETNLR
2025-04-15 18:28:27.389457 - Found IHETNSD.bin (application/octet-stream) in CBT.V508.FILE1058.PDS, moved to PDS/IHETNSD
2025-04-15 18:28:27.389570 - Found alias IHETNSR to IHETNSD in CBT.V508.FILE1058.PDS, moved to PDS/IHETNSR
2025-04-15 18:28:27.389839 - Found IHETNWH.bin (application/octet-stream) in CBT.V508.FILE1058.PDS, moved to PDS/IHETNWH
2025-04-15 18:28:27.389952 - Found alias IHETNWN to IHETNWH in CBT.V508.FILE1058.PDS, moved to PDS/IHETNWN
2025-04-15 18:28:27.390232 - Found IHETNZH.bin (application/octet-stream) in CBT.V508.FILE1058.PDS, moved to PDS/IHETNZH
2025-04-15 18:28:27.390336 - Found alias IHETNZN to IHETNZH in CBT.V508.FILE1058.PDS, moved to PDS/IHETNZN
2025-04-15 18:28:27.390476 - Found IHETOMA.bin (application/octet-stream) in CBT.V508.FILE1058.PDS, moved to PDS/IHETOMA
2025-04-15 18:28:27.390579 - Found alias IHETOMB to IHETOMA in CBT.V508.FILE1058.PDS, moved to PDS/IHETOMB
2025-04-15 18:28:27.390680 - Found alias IHETOMC to IHETOMA in CBT.V508.FILE1058.PDS, moved to PDS/IHETOMC
2025-04-15 18:28:27.390766 - Found alias IHETOMD to IHETOMA in CBT.V508.FILE1058.PDS, moved to PDS/IHETOMD
2025-04-15 18:28:27.390848 - Found alias IHETOME to IHETOMA in CBT.V508.FILE1058.PDS, moved to PDS/IHETOME
2025-04-15 18:28:27.391003 - Found IHETPBA.bin (application/octet-stream) in CBT.V508.FILE1058.PDS, moved to PDS/IHETPBA
2025-04-15 18:28:27.391154 - Found IHETPRA.bin (application/octet-stream) in CBT.V508.FILE1058.PDS, moved to PDS/IHETPRA
2025-04-15 18:28:27.391273 - Found alias IHETSAA to IHETSAP in CBT.V508.FILE1058.PDS, moved to PDS/IHETSAA
2025-04-15 18:28:27.391355 - Found alias IHETSAD to IHETSAP in CBT.V508.FILE1058.PDS, moved to PDS/IHETSAD
2025-04-15 18:28:27.391761 - Found IHETSAP.bin (application/octet-stream) in CBT.V508.FILE1058.PDS, moved to PDS/IHETSAP
2025-04-15 18:28:27.391940 - Found IHETSEA.bin (application/octet-stream) in CBT.V508.FILE1058.PDS, moved to PDS/IHETSEA
2025-04-15 18:28:27.392116 - Found IHETSSA.bin (application/octet-stream) in CBT.V508.FILE1058.PDS, moved to PDS/IHETSSA
2025-04-15 18:28:27.392281 - Found IHETSWA.bin (application/octet-stream) in CBT.V508.FILE1058.PDS, moved to PDS/IHETSWA
2025-04-15 18:28:27.392390 - Found alias IHEUPA to IHEUPAA in CBT.V508.FILE1058.PDS, moved to PDS/IHEUPA
2025-04-15 18:28:27.392529 - Found IHEUPAA.bin (application/octet-stream) in CBT.V508.FILE1058.PDS, moved to PDS/IHEUPAA
2025-04-15 18:28:27.392633 - Found alias IHEUPAB to IHEUPAA in CBT.V508.FILE1058.PDS, moved to PDS/IHEUPAB
2025-04-15 18:28:27.392726 - Found alias IHEUPB to IHEUPBA in CBT.V508.FILE1058.PDS, moved to PDS/IHEUPB
2025-04-15 18:28:27.392969 - Found IHEUPBA.bin (application/octet-stream) in CBT.V508.FILE1058.PDS, moved to PDS/IHEUPBA
2025-04-15 18:28:27.393077 - Found alias IHEUPBB to IHEUPBA in CBT.V508.FILE1058.PDS, moved to PDS/IHEUPBB
2025-04-15 18:28:27.393159 - Found alias IHEVCA to IHEVCAA in CBT.V508.FILE1058.PDS, moved to PDS/IHEVCA
2025-04-15 18:28:27.393304 - Found IHEVCAA.bin (application/octet-stream) in CBT.V508.FILE1058.PDS, moved to PDS/IHEVCAA
2025-04-15 18:28:27.393408 - Found alias IHEVCS to IHEVCSA in CBT.V508.FILE1058.PDS, moved to PDS/IHEVCS
2025-04-15 18:28:27.393749 - Found IHEVCSA.bin (application/octet-stream) in CBT.V508.FILE1058.PDS, moved to PDS/IHEVCSA
2025-04-15 18:28:27.393871 - Found alias IHEVCSB to IHEVCSA in CBT.V508.FILE1058.PDS, moved to PDS/IHEVCSB
2025-04-15 18:28:27.393963 - Found alias IHEVFA to IHEVFAA in CBT.V508.FILE1058.PDS, moved to PDS/IHEVFA
2025-04-15 18:28:27.394145 - Found IHEVFAA.bin (application/octet-stream) in CBT.V508.FILE1058.PDS, moved to PDS/IHEVFAA
2025-04-15 18:28:27.394253 - Found alias IHEVFB to IHEVFBA in CBT.V508.FILE1058.PDS, moved to PDS/IHEVFB
2025-04-15 18:28:27.394417 - Found IHEVFBA.bin (application/octet-stream) in CBT.V508.FILE1058.PDS, moved to PDS/IHEVFBA
2025-04-15 18:28:27.394522 - Found alias IHEVFC to IHEVFCA in CBT.V508.FILE1058.PDS, moved to PDS/IHEVFC
2025-04-15 18:28:27.394676 - Found IHEVFCA.bin (application/octet-stream) in CBT.V508.FILE1058.PDS, moved to PDS/IHEVFCA
2025-04-15 18:28:27.394790 - Found alias IHEVFD to IHEVFDA in CBT.V508.FILE1058.PDS, moved to PDS/IHEVFD
2025-04-15 18:28:27.394945 - Found IHEVFDA.bin (application/octet-stream) in CBT.V508.FILE1058.PDS, moved to PDS/IHEVFDA
2025-04-15 18:28:27.395060 - Found alias IHEVFE to IHEVFEA in CBT.V508.FILE1058.PDS, moved to PDS/IHEVFE
2025-04-15 18:28:27.395210 - Found IHEVFEA.bin (application/octet-stream) in CBT.V508.FILE1058.PDS, moved to PDS/IHEVFEA
2025-04-15 18:28:27.395315 - Found alias IHEVKB to IHEVKBA in CBT.V508.FILE1058.PDS, moved to PDS/IHEVKB
2025-04-15 18:28:27.395463 - Found IHEVKBA.bin (application/octet-stream) in CBT.V508.FILE1058.PDS, moved to PDS/IHEVKBA
2025-04-15 18:28:27.395568 - Found alias IHEVKC to IHEVKCA in CBT.V508.FILE1058.PDS, moved to PDS/IHEVKC
2025-04-15 18:28:27.395718 - Found IHEVKCA.bin (application/octet-stream) in CBT.V508.FILE1058.PDS, moved to PDS/IHEVKCA
2025-04-15 18:28:27.395827 - Found alias IHEVKF to IHEVKFA in CBT.V508.FILE1058.PDS, moved to PDS/IHEVKF
2025-04-15 18:28:27.396052 - Found IHEVKFA.bin (application/octet-stream) in CBT.V508.FILE1058.PDS, moved to PDS/IHEVKFA
2025-04-15 18:28:27.396161 - Found alias IHEVKG to IHEVKGA in CBT.V508.FILE1058.PDS, moved to PDS/IHEVKG
2025-04-15 18:28:27.396372 - Found IHEVKGA.bin (application/octet-stream) in CBT.V508.FILE1058.PDS, moved to PDS/IHEVKGA
2025-04-15 18:28:27.396477 - Found alias IHEVPA to IHEVPAA in CBT.V508.FILE1058.PDS, moved to PDS/IHEVPA
2025-04-15 18:28:27.396821 - Found IHEVPAA.bin (application/octet-stream) in CBT.V508.FILE1058.PDS, moved to PDS/IHEVPAA
2025-04-15 18:28:27.396942 - Found alias IHEVPB to IHEVPBA in CBT.V508.FILE1058.PDS, moved to PDS/IHEVPB
2025-04-15 18:28:27.397234 - Found IHEVPBA.bin (application/octet-stream) in CBT.V508.FILE1058.PDS, moved to PDS/IHEVPBA
2025-04-15 18:28:27.397341 - Found alias IHEVPC to IHEVPCA in CBT.V508.FILE1058.PDS, moved to PDS/IHEVPC
2025-04-15 18:28:27.397635 - Found IHEVPCA.bin (application/octet-stream) in CBT.V508.FILE1058.PDS, moved to PDS/IHEVPCA
2025-04-15 18:28:27.397758 - Found alias IHEVPD to IHEVPDA in CBT.V508.FILE1058.PDS, moved to PDS/IHEVPD
2025-04-15 18:28:27.398088 - Found IHEVPDA.bin (application/octet-stream) in CBT.V508.FILE1058.PDS, moved to PDS/IHEVPDA
2025-04-15 18:28:27.398225 - Found alias IHEVPE to IHEVPEA in CBT.V508.FILE1058.PDS, moved to PDS/IHEVPE
2025-04-15 18:28:27.398522 - Found IHEVPEA.bin (application/octet-stream) in CBT.V508.FILE1058.PDS, moved to PDS/IHEVPEA
2025-04-15 18:28:27.398630 - Found alias IHEVPF to IHEVPFA in CBT.V508.FILE1058.PDS, moved to PDS/IHEVPF
2025-04-15 18:28:27.398810 - Found IHEVPFA.bin (application/octet-stream) in CBT.V508.FILE1058.PDS, moved to PDS/IHEVPFA
2025-04-15 18:28:27.398934 - Found alias IHEVPG to IHEVPGA in CBT.V508.FILE1058.PDS, moved to PDS/IHEVPG
2025-04-15 18:28:27.399145 - Found IHEVPGA.bin (application/octet-stream) in CBT.V508.FILE1058.PDS, moved to PDS/IHEVPGA
2025-04-15 18:28:27.399255 - Found alias IHEVPH to IHEVPHA in CBT.V508.FILE1058.PDS, moved to PDS/IHEVPH
2025-04-15 18:28:27.399449 - Found IHEVPHA.bin (application/octet-stream) in CBT.V508.FILE1058.PDS, moved to PDS/IHEVPHA
2025-04-15 18:28:27.399668 - Found IHEVQAA.bin (application/octet-stream) in CBT.V508.FILE1058.PDS, moved to PDS/IHEVQAA
2025-04-15 18:28:27.399789 - Found alias IHEVQB to IHEVQBA in CBT.V508.FILE1058.PDS, moved to PDS/IHEVQB
2025-04-15 18:28:27.400010 - Found IHEVQBA.bin (application/octet-stream) in CBT.V508.FILE1058.PDS, moved to PDS/IHEVQBA
2025-04-15 18:28:27.400124 - Found alias IHEVQC to IHEVQCA in CBT.V508.FILE1058.PDS, moved to PDS/IHEVQC
2025-04-15 18:28:27.400331 - Found IHEVQCA.bin (application/octet-stream) in CBT.V508.FILE1058.PDS, moved to PDS/IHEVQCA
2025-04-15 18:28:27.400439 - Found alias IHEVSA to IHEVSAA in CBT.V508.FILE1058.PDS, moved to PDS/IHEVSA
2025-04-15 18:28:27.400635 - Found IHEVSAA.bin (application/octet-stream) in CBT.V508.FILE1058.PDS, moved to PDS/IHEVSAA
2025-04-15 18:28:27.400781 - Found alias IHEVSB to IHEVSBA in CBT.V508.FILE1058.PDS, moved to PDS/IHEVSB
2025-04-15 18:28:27.401130 - Found IHEVSBA.bin (application/octet-stream) in CBT.V508.FILE1058.PDS, moved to PDS/IHEVSBA
2025-04-15 18:28:27.401251 - Found alias IHEVSC to IHEVSCA in CBT.V508.FILE1058.PDS, moved to PDS/IHEVSC
2025-04-15 18:28:27.401584 - Found IHEVSCA.bin (application/octet-stream) in CBT.V508.FILE1058.PDS, moved to PDS/IHEVSCA
2025-04-15 18:28:27.401723 - Found alias IHEVSD to IHEVSDA in CBT.V508.FILE1058.PDS, moved to PDS/IHEVSD
2025-04-15 18:28:27.402068 - Found IHEVSDA.bin (application/octet-stream) in CBT.V508.FILE1058.PDS, moved to PDS/IHEVSDA
2025-04-15 18:28:27.402204 - Found alias IHEVSDB to IHEVSDA in CBT.V508.FILE1058.PDS, moved to PDS/IHEVSDB
2025-04-15 18:28:27.402293 - Found alias IHEVSE to IHEVSEA in CBT.V508.FILE1058.PDS, moved to PDS/IHEVSE
2025-04-15 18:28:27.402602 - Found IHEVSEA.bin (application/octet-stream) in CBT.V508.FILE1058.PDS, moved to PDS/IHEVSEA
2025-04-15 18:28:27.402730 - Found alias IHEVSEB to IHEVSEA in CBT.V508.FILE1058.PDS, moved to PDS/IHEVSEB
2025-04-15 18:28:27.402818 - Found alias IHEVSF to IHEVSFA in CBT.V508.FILE1058.PDS, moved to PDS/IHEVSF
2025-04-15 18:28:27.403034 - Found IHEVSFA.bin (application/octet-stream) in CBT.V508.FILE1058.PDS, moved to PDS/IHEVSFA
2025-04-15 18:28:27.403198 - Found IHEVTBA.bin (application/octet-stream) in CBT.V508.FILE1058.PDS, moved to PDS/IHEVTBA
2025-04-15 18:28:27.403362 - Found IHEXIB0.bin (application/octet-stream) in CBT.V508.FILE1058.PDS, moved to PDS/IHEXIB0
2025-04-15 18:28:27.403534 - Found IHEXID0.bin (application/octet-stream) in CBT.V508.FILE1058.PDS, moved to PDS/IHEXID0
2025-04-15 18:28:27.403731 - Found IHEXIL0.bin (application/octet-stream) in CBT.V508.FILE1058.PDS, moved to PDS/IHEXIL0
2025-04-15 18:28:27.403945 - Found IHEXIS0.bin (application/octet-stream) in CBT.V508.FILE1058.PDS, moved to PDS/IHEXIS0
2025-04-15 18:28:27.404113 - Found IHEXIU0.bin (application/octet-stream) in CBT.V508.FILE1058.PDS, moved to PDS/IHEXIU0
2025-04-15 18:28:27.404303 - Found IHEXIV0.bin (application/octet-stream) in CBT.V508.FILE1058.PDS, moved to PDS/IHEXIV0
2025-04-15 18:28:27.404508 - Found IHEXIW0.bin (application/octet-stream) in CBT.V508.FILE1058.PDS, moved to PDS/IHEXIW0
2025-04-15 18:28:27.404721 - Found IHEXIZ0.bin (application/octet-stream) in CBT.V508.FILE1058.PDS, moved to PDS/IHEXIZ0
2025-04-15 18:28:27.404903 - Found IHEXXL0.bin (application/octet-stream) in CBT.V508.FILE1058.PDS, moved to PDS/IHEXXL0
2025-04-15 18:28:27.405113 - Found IHEXXS0.bin (application/octet-stream) in CBT.V508.FILE1058.PDS, moved to PDS/IHEXXS0
2025-04-15 18:28:27.405437 - Found IHEXXW0.bin (application/octet-stream) in CBT.V508.FILE1058.PDS, moved to PDS/IHEXXW0
2025-04-15 18:28:27.405651 - Found IHEXXZ0.bin (application/octet-stream) in CBT.V508.FILE1058.PDS, moved to PDS/IHEXXZ0
2025-04-15 18:28:27.405780 - Found alias IHEYGFS to IHEYGFV in CBT.V508.FILE1058.PDS, moved to PDS/IHEYGFS
2025-04-15 18:28:27.406137 - Found IHEYGFV.bin (application/octet-stream) in CBT.V508.FILE1058.PDS, moved to PDS/IHEYGFV
2025-04-15 18:28:27.406257 - Found alias IHEYGLS to IHEYGLV in CBT.V508.FILE1058.PDS, moved to PDS/IHEYGLS
2025-04-15 18:28:27.406419 - Found IHEYGLV.bin (application/octet-stream) in CBT.V508.FILE1058.PDS, moved to PDS/IHEYGLV
2025-04-15 18:28:27.406531 - Found alias IHEYGSS to IHEYGSV in CBT.V508.FILE1058.PDS, moved to PDS/IHEYGSS
2025-04-15 18:28:27.406725 - Found IHEYGSV.bin (application/octet-stream) in CBT.V508.FILE1058.PDS, moved to PDS/IHEYGSV
2025-04-15 18:28:27.406847 - Found alias IHEYGWS to IHEYGWV in CBT.V508.FILE1058.PDS, moved to PDS/IHEYGWS
2025-04-15 18:28:27.407174 - Found IHEYGWV.bin (application/octet-stream) in CBT.V508.FILE1058.PDS, moved to PDS/IHEYGWV
2025-04-15 18:28:27.407296 - Found alias IHEYGXS to IHEYGXV in CBT.V508.FILE1058.PDS, moved to PDS/IHEYGXS
2025-04-15 18:28:27.407480 - Found IHEYGXV.bin (application/octet-stream) in CBT.V508.FILE1058.PDS, moved to PDS/IHEYGXV
2025-04-15 18:28:27.407600 - Found alias IHEYGZS to IHEYGZV in CBT.V508.FILE1058.PDS, moved to PDS/IHEYGZS
2025-04-15 18:28:27.407809 - Found IHEYGZV.bin (application/octet-stream) in CBT.V508.FILE1058.PDS, moved to PDS/IHEYGZV
2025-04-15 18:28:27.407997 - Found IHEZZAA.bin (application/octet-stream) in CBT.V508.FILE1058.PDS, moved to PDS/IHEZZAA
2025-04-15 18:28:27.408159 - Found IHEZZBA.bin (application/octet-stream) in CBT.V508.FILE1058.PDS, moved to PDS/IHEZZBA
2025-04-15 18:28:27.408319 - Found IHEZZCA.bin (application/octet-stream) in CBT.V508.FILE1058.PDS, moved to PDS/IHEZZCA
2025-04-15 18:28:27.408514 - Found IHEZZFA.bin (application/octet-stream) in CBT.V508.FILE1058.PDS, moved to PDS/IHEZZFA
2025-04-15 18:28:27.408716 - Found IHGUADEL.bin (application/octet-stream) in CBT.V508.FILE1058.PDS, moved to PDS/IHGUADEL
2025-04-15 18:28:27.409206 - Found IHGUAP.bin (application/octet-stream) in CBT.V508.FILE1058.PDS, moved to PDS/IHGUAP
2025-04-15 18:28:27.409517 - Found IHLGTF.bin (application/octet-stream) in CBT.V508.FILE1058.PDS, moved to PDS/IHLGTF
2025-04-15 18:28:27.409820 - Found IHLGTF1.bin (application/octet-stream) in CBT.V508.FILE1058.PDS, moved to PDS/IHLGTF1
2025-04-15 18:28:27.410152 - Found IHLINT2.bin (application/octet-stream) in CBT.V508.FILE1058.PDS, moved to PDS/IHLINT2
2025-04-15 18:28:27.410438 - Found IHLINT3.bin (application/octet-stream) in CBT.V508.FILE1058.PDS, moved to PDS/IHLINT3
2025-04-15 18:28:27.410703 - Found IHLINT4.bin (application/octet-stream) in CBT.V508.FILE1058.PDS, moved to PDS/IHLINT4
2025-04-15 18:28:27.410892 - Found IHLRMON.bin (application/octet-stream) in CBT.V508.FILE1058.PDS, moved to PDS/IHLRMON
2025-04-15 18:28:27.411102 - Found IHLROUT.bin (application/octet-stream) in CBT.V508.FILE1058.PDS, moved to PDS/IHLROUT
2025-04-15 18:28:27.411264 - Found IHLSCAN.bin (application/octet-stream) in CBT.V508.FILE1058.PDS, moved to PDS/IHLSCAN
2025-04-15 18:28:27.411414 - Found IHLTAIR.bin (application/octet-stream) in CBT.V508.FILE1058.PDS, moved to PDS/IHLTAIR
2025-04-15 18:28:27.411566 - Found IHLTAR2.bin (application/octet-stream) in CBT.V508.FILE1058.PDS, moved to PDS/IHLTAR2
2025-04-15 18:28:27.411770 - Found IHLTAR3.bin (application/octet-stream) in CBT.V508.FILE1058.PDS, moved to PDS/IHLTAR3
2025-04-15 18:28:27.411984 - Found IHLTAR4.bin (application/octet-stream) in CBT.V508.FILE1058.PDS, moved to PDS/IHLTAR4
2025-04-15 18:28:27.412186 - Found IHLTAR5.bin (application/octet-stream) in CBT.V508.FILE1058.PDS, moved to PDS/IHLTAR5
2025-04-15 18:28:27.412378 - Found IHLTAR6.bin (application/octet-stream) in CBT.V508.FILE1058.PDS, moved to PDS/IHLTAR6
2025-04-15 18:28:27.412583 - Found IHLTCTL.bin (application/octet-stream) in CBT.V508.FILE1058.PDS, moved to PDS/IHLTCTL
2025-04-15 18:28:27.412776 - Found IHLTDCB.bin (application/octet-stream) in CBT.V508.FILE1058.PDS, moved to PDS/IHLTDCB
2025-04-15 18:28:27.412928 - Found IHLTERM.bin (application/octet-stream) in CBT.V508.FILE1058.PDS, moved to PDS/IHLTERM
2025-04-15 18:28:27.413134 - Found IHLTFIL.bin (application/octet-stream) in CBT.V508.FILE1058.PDS, moved to PDS/IHLTFIL
2025-04-15 18:28:27.413288 - Found IHLTMG1.bin (application/octet-stream) in CBT.V508.FILE1058.PDS, moved to PDS/IHLTMG1
2025-04-15 18:28:27.413430 - Found IHLTPED.bin (application/octet-stream) in CBT.V508.FILE1058.PDS, moved to PDS/IHLTPED
2025-04-15 18:28:27.413613 - Found IHLTPMT.bin (application/octet-stream) in CBT.V508.FILE1058.PDS, moved to PDS/IHLTPMT
2025-04-15 18:28:27.413772 - Found IHLTSCN.bin (application/octet-stream) in CBT.V508.FILE1058.PDS, moved to PDS/IHLTSCN
2025-04-15 18:28:27.413926 - Found IHLTSIO.bin (application/octet-stream) in CBT.V508.FILE1058.PDS, moved to PDS/IHLTSIO
2025-04-15 18:28:27.414213 - Found IHLTSVC.bin (application/octet-stream) in CBT.V508.FILE1058.PDS, moved to PDS/IHLTSVC
2025-04-15 18:28:27.414488 - Found IHLTSYSV.bin (application/octet-stream) in CBT.V508.FILE1058.PDS, moved to PDS/IHLTSYSV
2025-04-15 18:28:27.414762 - Found IHLTTAB.bin (application/octet-stream) in CBT.V508.FILE1058.PDS, moved to PDS/IHLTTAB
2025-04-15 18:28:27.415064 - Found IHLTUSR.bin (application/octet-stream) in CBT.V508.FILE1058.PDS, moved to PDS/IHLTUSR
2025-04-15 18:28:27.415349 - Found IHLT103.bin (application/octet-stream) in CBT.V508.FILE1058.PDS, moved to PDS/IHLT103
2025-04-15 18:28:27.415643 - Found IHLWRAP.bin (application/octet-stream) in CBT.V508.FILE1058.PDS, moved to PDS/IHLWRAP
